
> shein-ecommerce@0.1.0 build
> next build

Ôû▓ Next.js 16.1.6 (Turbopack)
- Environments: .env.local

  Creating an optimized production build ...
Ô£ô Compiled successfully in 7.5s
  Running TypeScript ...
node.exe : Failed to 
compile.
At line:1 char:1
+ & "C:\Program Files
\nodejs/node.exe" "C:
\Program Files\nodejs
/node_mo ...
+ ~~~~~~~~~~~~~~~~~~~
~~~~~~~~~~~~~~~~~~~~~
~~~~~~~~~~~~~~~~~~~~~
~~~~~~~~
    + CategoryInfo   
           : NotSpe  
  cified: (Failed    
 to compile.:Stri    
ng) [], RemoteEx    c
eption
    + FullyQualified 
   ErrorId : Native  
  CommandError
 

./jest.config.ts:1:29
Type error: Cannot fi
nd module 'jest' or i
ts corresponding type
 declarations.

[0m[31m[1m>[22m[
39m[90m 1 |[39m [3
6mimport[39m type { 
[33mConfig[39m } [
36mfrom[39m [32m'je
st'[39m[33m;[39m
 [90m   |[39m      
                     
  [31m[1m^[22m[39
m
 [90m 2 |[39m [36m
import[39m nextJest 
[36mfrom[39m [32m'
next/jest'[39m[33m;
[39m
 [90m 3 |[39m
 [90m 4 |[39m [36m
const[39m createJest
Config [33m=[39m ne
xtJest({[0m
Next.js build worker 
exited with code: 1 a
nd signal: null
